[backblue.gif]
[fade.gif]
[index.html]
[html.designingmedia.com/syntax/assets/images/favicon/apple-icon-57x57.png]
[html.designingmedia.com/syntax/assets/images/favicon/apple-icon-60x60.png]
[html.designingmedia.com/syntax/assets/images/favicon/apple-icon-72x72.png]
[html.designingmedia.com/syntax/assets/images/favicon/apple-icon-76x76.png]
[html.designingmedia.com/syntax/assets/images/favicon/apple-icon-114x114.png]
[html.designingmedia.com/syntax/assets/images/favicon/apple-icon-120x120.png]
[html.designingmedia.com/syntax/assets/images/favicon/apple-icon-144x144.png]
[html.designingmedia.com/syntax/assets/images/favicon/apple-icon-152x152.png]
[html.designingmedia.com/syntax/assets/images/favicon/apple-icon-180x180.png]
[html.designingmedia.com/syntax/assets/images/favicon/android-icon-192x192.png]
[html.designingmedia.com/syntax/assets/images/favicon/favicon-32x32.png]
[html.designingmedia.com/syntax/assets/images/favicon/favicon-96x96.png]
[html.designingmedia.com/syntax/assets/images/favicon/favicon-16x16.png]
[html.designingmedia.com/syntax/assets/images/favicon/manifest.json]
[html.designingmedia.com/syntax/assets/js/bootstrap.min.js]
[cdnjs.cloudflare.com/ajax/libs/font-awesome/6.1.1/css/all.min.css]
[unpkg.com/aos@2.3.1/dist/aos.css]
[html.designingmedia.com/syntax/assets/images/navbar_background.png]
[html.designingmedia.com/syntax/assets/images/syntax_consulting_logo.png]
[html.designingmedia.com/syntax/assets/images/services_banner_background_shape.png]
[html.designingmedia.com/syntax/assets/images/business_image.jpg]
[html.designingmedia.com/syntax/assets/images/business_bottom_shape.png]
[html.designingmedia.com/syntax/assets/images/business_top_shape.png]
[html.designingmedia.com/syntax/assets/images/01.png]
[html.designingmedia.com/syntax/assets/images/02.png]
[html.designingmedia.com/syntax/assets/images/turnaround_image.jpg]
[html.designingmedia.com/syntax/assets/images/turnaround_bottom_shape.png]
[html.designingmedia.com/syntax/assets/images/turnaround_top_shape.png]
[html.designingmedia.com/syntax/assets/images/business_right_top_shape.png]
[html.designingmedia.com/syntax/assets/images/business_left_bottom_shape.png]
[html.designingmedia.com/syntax/assets/images/get_in_touch_image.png]
[html.designingmedia.com/syntax/assets/images/07.png]
[html.designingmedia.com/syntax/assets/images/arrow_right.png]
[html.designingmedia.com/syntax/assets/images/get_in_touch_top_line.png]
[html.designingmedia.com/syntax/assets/images/get_in_touch_bottom_line.png]
[html.designingmedia.com/syntax/assets/images/get_in_touch_right_shape.png]
[html.designingmedia.com/syntax/assets/images/get_a_quote.png]
[html.designingmedia.com/syntax/assets/images/bond_image.jpg]
[html.designingmedia.com/syntax/assets/images/bond_04.png]
[html.designingmedia.com/syntax/assets/images/05.png]
[html.designingmedia.com/syntax/assets/images/communication_image.jpg]
[html.designingmedia.com/syntax/assets/images/google_symbol.png]
[html.designingmedia.com/syntax/assets/images/footer_shape.png]
[html.designingmedia.com/syntax/assets/images/footer_icon.png]
[html.designingmedia.com/syntax/assets/js/jquery-3.6.0.min.js]
[html.designingmedia.com/syntax/assets/js/popper.min.js]
[unpkg.com/aos@2.3.1/dist/aos.js]
[html.designingmedia.com/syntax/assets/js/counter.js]
[html.designingmedia.com/syntax/assets/js/animation.js]
[html.designingmedia.com/syntax/services.html]
[html.designingmedia.com/ms-icon-144x144.html]
[html.designingmedia.com/syntax/assets/bootstrap/bootstrap.min.css]
[cdnjs.cloudflare.com/ajax/libs/font-awesome/6.1.1/css/all.min.css]
[html.designingmedia.com/syntax/assets/images/banner_background.png]
[html.designingmedia.com/syntax/assets/images/choose_us_right_background.jpg]
[html.designingmedia.com/syntax/assets/images/professional_team_full_image_1.jpg]
[html.designingmedia.com/syntax/assets/images/professional_team_full_image_2.jpg]
[html.designingmedia.com/syntax/assets/images/professional_team_full_image_3.jpg]
[html.designingmedia.com/syntax/assets/images/get_in_touch_left_image.jpg]
[html.designingmedia.com/syntax/assets/images/about_banner_background.jpg]
[html.designingmedia.com/syntax/assets/images/services_banner_background.jpg]
[html.designingmedia.com/syntax/assets/images/contact_banner_background.jpg]
[html.designingmedia.com/syntax/assets/images/blog_banner_background.jpg]
[html.designingmedia.com/syntax/assets/images/case_banner_background.jpg]
[html.designingmedia.com/syntax/assets/css/style.css]
[html.designingmedia.com/syntax/assets/css/mediaqueries.css]
[html.designingmedia.com/syntax/assets/css/custom-style.css]
[html.designingmedia.com/syntax/assets/css/special-classes.css]
[unpkg.com/aos@2.3.1/dist/aos.css]
[html.designingmedia.com/syntax/assets/images/socia_icons_topline.png]
[html.designingmedia.com/syntax/assets/images/socia_icons_downline.png]
[html.designingmedia.com/syntax/assets/images/banner_line_box.png]
[html.designingmedia.com/syntax/assets/images/banner_image.png]
[html.designingmedia.com/syntax/assets/images/banner_background_shape.png]
[html.designingmedia.com/syntax/assets/images/about_company_image1.jpg]
[html.designingmedia.com/syntax/assets/images/about_company_image2.jpg]
[html.designingmedia.com/syntax/assets/images/about_company_shape1.png]
[html.designingmedia.com/syntax/assets/images/about_company_shape2.png]
[html.designingmedia.com/syntax/assets/images/about_company_right_top_shape.png]
[html.designingmedia.com/syntax/assets/images/purple_arrow.png]
[html.designingmedia.com/syntax/assets/images/black_box_image1.png]
[html.designingmedia.com/syntax/assets/images/black_box_image2.png]
[html.designingmedia.com/syntax/assets/images/black_box_image3.png]
[html.designingmedia.com/syntax/assets/images/black_box_image4.png]
[html.designingmedia.com/syntax/assets/images/services_1.jpg]
[html.designingmedia.com/syntax/assets/images/services_2.jpg]
[html.designingmedia.com/syntax/assets/images/services_3.jpg]
[html.designingmedia.com/syntax/assets/images/services_shape.png]
[html.designingmedia.com/syntax/assets/images/03.png]
[html.designingmedia.com/syntax/assets/images/case_studies_image1.jpg]
[html.designingmedia.com/syntax/assets/images/case_studies_circle_shape.png]
[html.designingmedia.com/syntax/assets/images/case_studies_image2.jpg]
[html.designingmedia.com/syntax/assets/images/case_studies_image3.jpg]
[html.designingmedia.com/syntax/assets/images/case_studies_horizontal_line.png]
[html.designingmedia.com/syntax/assets/images/case_studies_verticle_line.png]
[html.designingmedia.com/syntax/assets/images/case_studies_bottom_shape.png]
[html.designingmedia.com/syntax/assets/images/04.png]
[html.designingmedia.com/syntax/assets/images/choose_left_box_shape.png]
[html.designingmedia.com/syntax/assets/images/choose_us_image1.png]
[html.designingmedia.com/syntax/assets/images/choose_us_image2.png]
[html.designingmedia.com/syntax/assets/images/choose_us_image3.png]
[html.designingmedia.com/syntax/assets/images/choose_us_get_quote.png]
[html.designingmedia.com/syntax/assets/images/choose_us_left_background_shape.png]
[html.designingmedia.com/syntax/assets/images/professional_team_1.png]
[html.designingmedia.com/syntax/assets/images/professional_team_image_ring.png]
[html.designingmedia.com/syntax/assets/images/professional_team_2.png]
[html.designingmedia.com/syntax/assets/images/professional_team_3.png]
[html.designingmedia.com/syntax/assets/images/professional_team_circle_shape.png]
[html.designingmedia.com/syntax/assets/images/06.png]
[html.designingmedia.com/syntax/assets/images/questionnaire_image.jpg]
[html.designingmedia.com/syntax/assets/images/questionnaire_image_shape1.jpg]
[html.designingmedia.com/syntax/assets/images/questionnaire_image_shape2.jpg]
[html.designingmedia.com/syntax/assets/images/questionnaire_image_shape3.png]
[html.designingmedia.com/syntax/assets/images/questionnaire_bottom_shape.png]
[html.designingmedia.com/syntax/assets/images/08.png]
[html.designingmedia.com/syntax/assets/images/articles_1.jpg]
[html.designingmedia.com/syntax/assets/images/articles_circle_shape.png]
[html.designingmedia.com/syntax/assets/images/articles_2.jpg]
[html.designingmedia.com/syntax/assets/images/articles_3.jpg]
[html.designingmedia.com/syntax/assets/images/09.png]
[html.designingmedia.com/syntax/assets/images/testimonial_1.jpg]
[html.designingmedia.com/syntax/assets/images/testimonial_apostrophy.png]
[html.designingmedia.com/syntax/assets/images/testimonial_content_shape.png]
[html.designingmedia.com/syntax/assets/images/testimonial_2.jpg]
[html.designingmedia.com/syntax/assets/images/testimonial_3.jpg]
[html.designingmedia.com/syntax/assets/images/testimonial_left_arrow.png]
[html.designingmedia.com/syntax/assets/images/testimonial_right_arrow.png]
[html.designingmedia.com/syntax/assets/images/testimonial_bottom_shape.png]
[html.designingmedia.com/syntax/index.html]
[html.designingmedia.com/syntax/assets/images/about_banner_background_shape.png]
[html.designingmedia.com/syntax/assets/images/aboutus_02.png]
[html.designingmedia.com/syntax/about.html]
[html.designingmedia.com/syntax/assets/images/case_banner_background_shape.png]
[html.designingmedia.com/syntax/assets/images/cases_case_studies_image1.jpg]
[html.designingmedia.com/syntax/assets/images/cases_case_studies_image2.jpg]
[html.designingmedia.com/syntax/assets/images/cases_case_studies_horizontal_line.png]
[html.designingmedia.com/syntax/assets/images/cases_case_studies_verticle_line.png]
[html.designingmedia.com/syntax/assets/images/cases_case_studies_image3.jpg]
[html.designingmedia.com/syntax/assets/images/cases_case_studies_circle_shape.png]
[html.designingmedia.com/syntax/assets/images/cases_case_studies_bottom_shape.png]
[html.designingmedia.com/syntax/assets/images/cases_02.png]
[html.designingmedia.com/syntax/assets/images/financial_consultancy_image.jpg]
[html.designingmedia.com/syntax/assets/images/cases_financial_consultancy_background.png]
[html.designingmedia.com/syntax/assets/images/business_consultancy_image.jpg]
[html.designingmedia.com/syntax/assets/images/insurance_consultancy_left_image_shape_3.png]
[html.designingmedia.com/syntax/assets/images/insurance_consultancy_image.jpg]
[html.designingmedia.com/syntax/cases.html]
[html.designingmedia.com/syntax/assets/images/insurance_consultancy_image1.jpg]
[html.designingmedia.com/syntax/assets/images/insurance_consultancy_image_shape_1.jpg]
[html.designingmedia.com/syntax/assets/images/insurance_consultancy_image_shape_2.jpg]
[html.designingmedia.com/syntax/assets/images/insurance_consultancy_image_shape_3.png]
[html.designingmedia.com/syntax/assets/images/insurance_consultancy_left_image1.jpg]
[html.designingmedia.com/syntax/assets/images/insurance_consultancy_left_image_shape_1.jpg]
[html.designingmedia.com/syntax/assets/images/insurance_consultancy_left_image_shape_2.jpg]
[html.designingmedia.com/syntax/assets/images/insurance_consultancy_top_shape.png]
[html.designingmedia.com/syntax/assets/images/insurance_consultancy_bottom_shape.png]
[html.designingmedia.com/syntax/single-case.html]
[html.designingmedia.com/syntax/assets/images/blog_banner_background_shape.png]
[html.designingmedia.com/syntax/assets/images/blog_image_1.jpg]
[html.designingmedia.com/syntax/assets/images/quotation_mark.png]
[html.designingmedia.com/syntax/assets/images/blog_image_2.png]
[html.designingmedia.com/syntax/assets/images/popular_post_image_1.jpg]
[html.designingmedia.com/syntax/assets/images/popular_post_image_2.jpg]
[html.designingmedia.com/syntax/assets/images/popular_post_image_3.jpg]
[html.designingmedia.com/syntax/single-post.html]
[html.designingmedia.com/syntax/assets/images/blog_article_1.jpg]
[html.designingmedia.com/syntax/assets/images/blog_article_2.jpg]
[html.designingmedia.com/syntax/assets/images/blog_article_3.jpg]
[html.designingmedia.com/syntax/infinite-scroll.html]
[html.designingmedia.com/syntax/load-more.html]
[html.designingmedia.com/syntax/assets/images/post-featured.jpg]
[html.designingmedia.com/syntax/assets/images/post-featured2.jpg]
[html.designingmedia.com/syntax/assets/images/post-featured3.jpg]
[html.designingmedia.com/syntax/assets/images/post-featured4.jpg]
[html.designingmedia.com/syntax/one-column.html]
[html.designingmedia.com/syntax/two-column.html]
[html.designingmedia.com/syntax/assets/images/blog_article_4.jpg]
[html.designingmedia.com/syntax/assets/images/blog_article_5.jpg]
[html.designingmedia.com/syntax/assets/images/blog_article_6.jpg]
[html.designingmedia.com/syntax/assets/images/blog_article_top_shape.png]
[html.designingmedia.com/syntax/assets/images/blog_article_bottom_shape.png]
[html.designingmedia.com/syntax/three-column.html]
[html.designingmedia.com/syntax/three-colum-sidbar.html]
[html.designingmedia.com/syntax/four-column.html]
[html.designingmedia.com/syntax/six-column.html]
[html.designingmedia.com/syntax/assets/images/contact_banner_background_shape.png]
[html.designingmedia.com/syntax/assets/images/contact_detail_1.png]
[html.designingmedia.com/syntax/assets/images/contact_detail_2.png]
[html.designingmedia.com/syntax/assets/images/contact_detail_3.png]
[html.designingmedia.com/syntax/assets/images/contact_detail_4.png]
[html.designingmedia.com/syntax/contact.html]
[html.designingmedia.com/syntax/assets/images/icon-folder.html]
[html.designingmedia.com/syntax/horse.html]
[html.designingmedia.com/syntax/assets/audio/horse.html]
